==================== 2026-09-25T02:57:33.474359Z | 01a0d67f-2b1f-73c3-8ea7-225d371d34fb ====================
02:57:33.474574 [info ]: Installing dbt project and profile setup
02:57:33.505784 [info ]: Info Created .vscode/extensions.json with dbt extension recommendation
02:57:33.506096 [info ]: Success Project created successfully!
02:57:33.506261 [info ]: Info Project name: jaffle_shop
02:57:33.506370 [info ]: Info Project directory: jaffle_shop
[0m20:54:42.593979 [debug] [MainThread]: Sending event: {'category': 'dbt', 'action': 'invocation', 'label': 'start', 'context': [<snowplow_tracker.self_describing_json.SelfDescribingJson object at 0x000001DC52AF81A0>, <snowplow_tracker.self_describing_json.SelfDescribingJson object at 0x000001DC54FAFD90>, <snowplow_tracker.self_describing_json.SelfDescribingJson object at 0x000001DC54FAF890>]}


============================== 20:54:42.598956 | 813c5f9e-461d-4766-b83f-447d8ea0e93d ==============================
[0m20:54:42.598956 [info ] [MainThread]: Running with dbt=1.12.5
[0m20:54:42.599600 [debug] [MainThread]: running dbt with arguments {'static_parser': 'True', 'no_print': 'None', 'version_check': 'True', 'warn_error_options': 'WarnErrorOptionsV2(error=[], warn=[], silence=[])', 'maximum_seed_size_mib': '1', 'target_path': 'None', 'printer_width': '80', 'write_json': 'True', 'empty': 'None', 'log_cache_events': 'False', 'introspect': 'True', 'cache_selected_only': 'False', 'fail_fast': 'False', 'debug': 'False', 'log_format': 'default', 'profiles_dir': 'C:\\Users\\lucas\\.dbt', 'send_anonymous_usage_stats': 'True', 'quiet': 'False', 'warn_error': 'None', 'partial_parse': 'True', 'use_colors': 'True', 'hints_enabled': 'True', 'indirect_selection': 'eager', 'use_experimental_parser': 'False', 'invocation_command': 'dbt deps', 'log_path': 'logs'}
[0m20:54:42.600221 [error] [MainThread]: [[31mERROR[0m]: Encountered an error:
Runtime Error
  No dbt_project.yml found at expected path C:\Users\lucas\dbt_airflow\dbt_project.yml
  Verify that each entry within packages.yml (and their transitive dependencies) contains a file named dbt_project.yml
  
[0m20:54:42.600928 [debug] [MainThread]: Command `dbt deps` failed at 20:54:42.600827 after 0.14 seconds
[0m20:54:42.601213 [debug] [MainThread]: Sending event: {'category': 'dbt', 'action': 'invocation', 'label': 'end', 'context': [<snowplow_tracker.self_describing_json.SelfDescribingJson object at 0x000001DC54FDA190>, <snowplow_tracker.self_describing_json.SelfDescribingJson object at 0x000001DC54E82690>, <snowplow_tracker.self_describing_json.SelfDescribingJson object at 0x000001DC54FE7020>]}
[0m20:54:42.601499 [debug] [MainThread]: Flushing usage events
[0m20:54:43.994661 [debug] [MainThread]: An error was encountered while trying to flush usage events
[0m19:38:24.397884 [debug] [MainThread]: Sending event: {'category': 'dbt', 'action': 'invocation', 'label': 'start', 'context': [<snowplow_tracker.self_describing_json.SelfDescribingJson object at 0x000001E83A8381A0>, <snowplow_tracker.self_describing_json.SelfDescribingJson object at 0x000001E83CCDFD90>, <snowplow_tracker.self_describing_json.SelfDescribingJson object at 0x000001E83CCDF890>]}


============================== 19:38:24.403296 | e0728ebe-01aa-4cb5-a074-7490295f98d6 ==============================
[0m19:38:24.403296 [info ] [MainThread]: Running with dbt=1.12.5
[0m19:38:24.404022 [debug] [MainThread]: running dbt with arguments {'version_check': 'True', 'no_print': 'None', 'maximum_seed_size_mib': '1', 'target_path': 'None', 'static_parser': 'True', 'warn_error_options': 'WarnErrorOptionsV2(error=[], warn=[], silence=[])', 'printer_width': '80', 'write_json': 'True', 'empty': 'None', 'log_cache_events': 'False', 'introspect': 'True', 'cache_selected_only': 'False', 'log_format': 'default', 'debug': 'False', 'fail_fast': 'False', 'partial_parse': 'True', 'send_anonymous_usage_stats': 'True', 'quiet': 'False', 'warn_error': 'None', 'profiles_dir': 'C:\\Users\\lucas\\.dbt', 'use_colors': 'True', 'hints_enabled': 'True', 'indirect_selection': 'eager', 'use_experimental_parser': 'False', 'invocation_command': 'dbt deps', 'log_path': 'logs'}
[0m19:38:24.404679 [error] [MainThread]: [[31mERROR[0m]: Encountered an error:
Runtime Error
  No dbt_project.yml found at expected path C:\Users\lucas\dbt_airflow\dbt_project.yml
  Verify that each entry within packages.yml (and their transitive dependencies) contains a file named dbt_project.yml
  
[0m19:38:24.405761 [debug] [MainThread]: Command `dbt deps` failed at 19:38:24.405665 after 0.20 seconds
[0m19:38:24.406053 [debug] [MainThread]: Sending event: {'category': 'dbt', 'action': 'invocation', 'label': 'end', 'context': [<snowplow_tracker.self_describing_json.SelfDescribingJson object at 0x000001E83CD0A190>, <snowplow_tracker.self_describing_json.SelfDescribingJson object at 0x000001E83CBB6690>, <snowplow_tracker.self_describing_json.SelfDescribingJson object at 0x000001E83CD17020>]}
[0m19:38:24.406351 [debug] [MainThread]: Flushing usage events
[0m19:38:26.092590 [debug] [MainThread]: An error was encountered while trying to flush usage events
